// Jest Snapshot v1, https://goo.gl/fbAQLP

exports[`renders GithubRepoItem component correctly 1`] = `
<li
  className="MuiListItem-root-4 MuiListItem-default-7 MuiListItem-gutters-12"
  disabled={false}
>
  <div
    className="MuiAvatar-root-16 GithubRepoItem-avatar-1 MuiAvatar-colorDefault-17"
  />
  <div
    className="MuiListItemText-root-19"
  >
    <span
      className="MuiTypography-root-25 MuiTypography-subheading-32 MuiListItemText-primary-22"
    >
      <div>
        <a
          href=""
          rel="noopener noreferrer"
          target="_blank"
        >
          
        </a>
      </div>
      <div
        className="MuiChip-root-61"
        onKeyDown={[Function]}
        onKeyUp={[Function]}
        role="button"
        tabIndex={-1}
      >
        <span
          className="MuiChip-label-80"
        >
          watchers: 0
        </span>
      </div>
      <div
        className="MuiChip-root-61"
        onKeyDown={[Function]}
        onKeyUp={[Function]}
        role="button"
        tabIndex={-1}
      >
        <span
          className="MuiChip-label-80"
        >
          stargazers: 0
        </span>
      </div>
      <div
        className="MuiChip-root-61"
        onKeyDown={[Function]}
        onKeyUp={[Function]}
        role="button"
        tabIndex={-1}
      >
        <span
          className="MuiChip-label-80"
        >
          open issues: 0
        </span>
      </div>
    </span>
  </div>
</li>
`;
