// Jest Snapshot v1, https://goo.gl/fbAQLP

exports[`renders GithubSection component correctly 1`] = `
<section
  className="GithubSection-tabSection-3"
>
  <div>
    <div
      className="MuiAvatar-root-4 GithubSection-avatar-1 MuiAvatar-colorDefault-5"
    />
  </div>
  0
  0
  0
</section>
`;
